// Jest Snapshot v1, https://goo.gl/fbAQLP

exports[`matches Button snapshot 1`] = `
<button
  className="btn btn--outline btn--large blue"
  data-testid="button"
>
  Testing
</button>
`;
